// Jest Snapshot v1, https://goo.gl/fbAQLP

exports[`Loader should match a snapshot 1`] = `
<div
  style={
    Object {
      "backgroundColor": "white",
      "bottom": 0,
      "display": "flex",
      "height": "100vh",
      "justifyContent": "center",
      "left": 0,
      "position": "absolute",
      "right": 0,
      "top": 0,
      "width": "100vw",
    }
  }
>
  <img
    alt="loading"
    src="test-file-stub"
  />
</div>
`;
